MySQL Shell 8.0.38

Copyright (c) 2016, 2024, Oracle and/or its affiliates.
Oracle is a registered trademark of Oracle Corporation and/or its affiliates.
Other names may be trademarks of their respective owners.

Type '\help' or '\?' for help; '\quit' to exit.
 MySQL  JS > \sql
Switching to SQL mode... Commands end with ;
 MySQL  SQL > \connect --mc root@localhost
Creating a Classic session to 'root@localhost'
Fetching global names for auto-completion... Press ^C to stop.
Your MySQL connection id is 8
Server version: 8.0.39 MySQL Community Server - GPL
No default schema selected; type \use <schema> to set one.
 MySQL  localhost:3306 ssl  SQL > use tbd_el;
Default schema set to `tbd_el`.
Fetching global names, object names from `tbd_el` for auto-completion... Press ^C to stop.
 MySQL  localhost:3306 ssl  tbd_el  SQL > create tbd_e2;
ERROR: 1064 (42000): You have an error in your SQL syntax; check the manual that corresponds to your MySQL server version for the right syntax to use near 'tbd_e2' at line 1
 MySQL  localhost:3306 ssl  tbd_el  SQL > create database tbd_e2
                                       -> ;
Query OK, 1 row affected (0.0162 sec)
 MySQL  localhost:3306 ssl  tbd_el  SQL > use tbd_e2;
Default schema set to `tbd_e2`.
Fetching global names, object names from `tbd_e2` for auto-completion... Press ^C to stop.
 MySQL  localhost:3306 ssl  tbd_e2  SQL > create table cliente(
                                       -> id int key auto_increment,
                                       -> name varchar(50),
                                       -> apellido varchar(50),
                                       -> rfc varchar(13) not null;
ERROR: 1064 (42000): You have an error in your SQL syntax; check the manual that corresponds to your MySQL server version for the right syntax to use near '' at line 5
 MySQL  localhost:3306 ssl  tbd_e2  SQL > create table cliente( id int key auto_increment,  name varchar(50) not null, apellido varchar(50), rfc varchar(13) not null);
Query OK, 0 rows affected (0.0323 sec)
 MySQL  localhost:3306 ssl  tbd_e2  SQL > insert into cliente ( name, apellido, rfc)
                                       -> values('Daniel','Balderrama','BASJ03118MCA'),('Tolano','Balderrama','ASFN34242MC');
Query OK, 2 rows affected (0.0100 sec)

Records: 2  Duplicates: 0  Warnings: 0
 MySQL  localhost:3306 ssl  tbd_e2  SQL > Select * from cliente;
+----+--------+------------+--------------+
| id | name   | apellido   | rfc          |
+----+--------+------------+--------------+
|  1 | Daniel | Balderrama | BASJ03118MCA |
|  2 | Tolano | Balderrama | ASFN34242MC  |
+----+--------+------------+--------------+
2 rows in set (0.0006 sec)
 MySQL  localhost:3306 ssl  tbd_e2  SQL > create table factura(
                                       -> folio int key auto_increment,
                                       -> idCliente int not null,
                                       -> ^C
 MySQL  localhost:3306 ssl  tbd_e2  SQL > create table factuca(
                                       -> folio int key auto_increment,
                                       -> idCliente int not null
                                       -> foreign key (idCliente) references cliente(id));
ERROR: 1064 (42000): You have an error in your SQL syntax; check the manual that corresponds to your MySQL server version for the right syntax to use near 'foreign key (idCliente) references cliente(id))' at line 4
 MySQL  localhost:3306 ssl  tbd_e2  SQL > create table factura( folio int key auto_increment, idCliente int not null, foreign key (idCliente) references cliente(id));
Query OK, 0 rows affected (0.0369 sec)
 MySQL  localhost:3306 ssl  tbd_e2  SQL > show create table factura;
+---------+--------------------------------------------------------------------------------------------------------------------------------------------------------------------------------------------------------------------------------------------------------------------------------------------------------------+
| Table   | Create Table
                                                                                                        |
+---------+--------------------------------------------------------------------------------------------------------------------------------------------------------------------------------------------------------------------------------------------------------------------------------------------------------------+
| factura | CREATE TABLE `factura` (
  `folio` int NOT NULL AUTO_INCREMENT,
  `idCliente` int NOT NULL,
  PRIMARY KEY (`folio`),
  KEY `idCliente` (`idCliente`),
  CONSTRAINT `factura_ibfk_1` FOREIGN KEY (`idCliente`) REFERENCES `cliente` (`id`)
) ENGINE=InnoDB DEFAULT CHARSET=utf8mb4 COLLATE=utf8mb4_0900_ai_ci |
+---------+--------------------------------------------------------------------------------------------------------------------------------------------------------------------------------------------------------------------------------------------------------------------------------------------------------------+
1 row in set (0.0018 sec)
 MySQL  localhost:3306 ssl  tbd_e2  SQL > show tables;
+------------------+
| Tables_in_tbd_e2 |
+------------------+
| cliente          |
| factura          |
+------------------+
2 rows in set (0.0034 sec)
 MySQL  localhost:3306 ssl  tbd_e2  SQL > select * from cliente;
+----+--------+------------+--------------+
| id | name   | apellido   | rfc          |
+----+--------+------------+--------------+
|  1 | Daniel | Balderrama | BASJ03118MCA |
|  2 | Tolano | Balderrama | ASFN34242MC  |
+----+--------+------------+--------------+
2 rows in set (0.0017 sec)
 MySQL  localhost:3306 ssl  tbd_e2  SQL > insert into factura(idCliente)
                                       -> value(1)
                                       -> ;
Query OK, 1 row affected (0.0043 sec)
 MySQL  localhost:3306 ssl  tbd_e2  SQL > insert into factura(idCliente) value(2),(1),(2);
Query OK, 3 rows affected (0.0047 sec)

Records: 3  Duplicates: 0  Warnings: 0
 MySQL  localhost:3306 ssl  tbd_e2  SQL > select * from factura;
+-------+-----------+
| folio | idCliente |
+-------+-----------+
|     1 |         1 |
|     3 |         1 |
|     2 |         2 |
|     4 |         2 |
+-------+-----------+
4 rows in set (0.0006 sec)
 MySQL  localhost:3306 ssl  tbd_e2  SQL > delete from cliente where id = 1;
ERROR: 1451 (23000): Cannot delete or update a parent row: a foreign key constraint fails (`tbd_e2`.`factura`, CONSTRAINT `factura_ibfk_1` FOREIGN KEY (`idCliente`) REFERENCES `cliente` (`id`))
 MySQL  localhost:3306 ssl  tbd_e2  SQL > delete from factura where idCliente = 1;
Query OK, 2 rows affected (0.0043 sec)
 MySQL  localhost:3306 ssl  tbd_e2  SQL > sslect * from factura;
ERROR: 1064 (42000): You have an error in your SQL syntax; check the manual that corresponds to your MySQL server version for the right syntax to use near 'sslect * from factura' at line 1
 MySQL  localhost:3306 ssl  tbd_e2  SQL > sslect * from Factura;
ERROR: 1064 (42000): You have an error in your SQL syntax; check the manual that corresponds to your MySQL server version for the right syntax to use near 'sslect * from Factura' at line 1
 MySQL  localhost:3306 ssl  tbd_e2  SQL > select * from Factura;
+-------+-----------+
| folio | idCliente |
+-------+-----------+
|     2 |         2 |
|     4 |         2 |
+-------+-----------+
2 rows in set (0.0007 sec)
 MySQL  localhost:3306 ssl  tbd_e2  SQL > alter table factura drop constraint factura_ibfk_1;
Query OK, 0 rows affected (0.0148 sec)

Records: 0  Duplicates: 0  Warnings: 0
 MySQL  localhost:3306 ssl  tbd_e2  SQL > show create table factura;
+---------+------------------------------------------------------------------------------------------------------------------------------------------------------------------------------------------------------------------------------------------+
| Table   | Create Table
                                    |
+---------+------------------------------------------------------------------------------------------------------------------------------------------------------------------------------------------------------------------------------------------+
| factura | CREATE TABLE `factura` (
  `folio` int NOT NULL AUTO_INCREMENT,
  `idCliente` int NOT NULL,
  PRIMARY KEY (`folio`),
  KEY `idCliente` (`idCliente`)
) ENGINE=InnoDB AUTO_INCREMENT=5 DEFAULT CHARSET=utf8mb4 COLLATE=utf8mb4_0900_ai_ci |
+---------+------------------------------------------------------------------------------------------------------------------------------------------------------------------------------------------------------------------------------------------+
1 row in set (0.0007 sec)
 MySQL  localhost:3306 ssl  tbd_e2  SQL > insert into factura(idCliente)
                                       -> value(5);
Query OK, 1 row affected (0.0041 sec)
 MySQL  localhost:3306 ssl  tbd_e2  SQL > select * from factura;
+-------+-----------+
| folio | idCliente |
+-------+-----------+
|     2 |         2 |
|     4 |         2 |
|     5 |         5 |
+-------+-----------+
3 rows in set (0.0006 sec)